-----BEGIN CERTIFICATE-----
bGVhZi1kZXItYnl0ZXM=
-----END CERTIFICATE-----
-----BEGIN CERTIFICATE-----
aW50ZXJtZWRpYXRlLTE=
-----END CERTIFICATE-----
-----BEGIN CERTIFICATE-----
aW50ZXJtZWRpYXRlLTI=
-----END CERTIFICATE-----
-----BEGIN PRIVATE KEY-----
cGtjczgta2V5LWJ5dGVz
-----END PRIVATE KEY-----
